> Task :compileJava NO-SOURCE
> Task :processResources NO-SOURCE
> Task :classes UP-TO-DATE
> Task :compileTestJava UP-TO-DATE
> Task :processTestResources UP-TO-DATE
> Task :testClasses UP-TO-DATE
> Task :test UP-TO-DATE

> Task :aggregate
Generating Serenity Reports
  - Main report: file:///E:/Proyectos/Reto_Siigo/Siigo_Front/Sara3/target/site/serenity/index.html
      - Test Root: null
      - Requirements base directory: null

[Incubating] Problems report is available at: file:///E:/Proyectos/Reto_Siigo/Siigo_Front/Sara3/build/reports/problems/problems-report.html

Deprecated Gradle features were used in this build, making it incompatible with Gradle 10.

You can use '--warning-mode all' to show the individual deprecation warnings and determine if they come from your own scripts or plugins.

For more on this, please refer to https://docs.gradle.org/9.0.0/userguide/command_line_interface.html#sec:command_line_warnings in the Gradle documentation.

BUILD SUCCESSFUL in 2s
4 actionable tasks: 1 executed, 3 up-to-date
